Enter transaction: Cannot create unless logged in
Enter transaction: 