Enter transaction: Cannot search unless logged in
Enter transaction: 