03 AdminUser       AA c93dce55 Oshawa                    5 110.00 00
00 AdminUser       AA                                    0 000000 00
