03 user02          PS 9e283516 Oshawa                    5 110.00 00
00 user02          PS                                    0 000000 00
