03 user01          FS c4f86bbc Oshawa                    5 110.00 00
00 user01          FS                                    0 000000 00
