03 user01          FS 50a89ab0 Oshawa                    5 110.00 00
00 user01          FS                                    0 000000 00
