03 user01          FS 68922e5b Oshawa                    5 110.00 00
00 user01          FS                                    0 000000 00
