03 user01          FS 06a7f184 Oshawa                    5 110.00 00
00 user01          FS                                    0 000000 00
