03 user01          FS e31604d5 Oshawa                    5 110.00 00
00 user01          FS                                    0 000000 00
