05 admin01         AA a0b1c3d4 Oshawa                    5 110.00 01
00 admin01         AA                                    0 000000 00
