05 RS_user01       RS a0b1c3d4 Oshawa                    5 110.00 01
00 RS_user01       RS                                    0 000000 00
