00 PS_user01       PS                                    0 000000 00
