05 admin02         AA a0a0a0a0 Oshawa                    5 110.00 01
00 admin02         AA                                    0 000000 00
