01 username11      AA                                    0 000000 00
00 AdminUser       AA                                    0 000000 00
