Enter transaction: Enter username: You have been logged in
Enter transaction: Enter username: Enter account type: Created user username11 with account type AA
Enter transaction: You have been logged out
Enter transaction: 