Enter transaction: Enter username: You have been logged in
Enter transaction: Error: Only admin users can create an account
Enter transaction: You have been logged out
Enter transaction: 