00 user01          FS                                    0 000000 00
