00 user02          PS                                    0 000000 00
