Enter transaction: Enter username: You have been logged in
Enter transaction: Enter username: Deleted user user01
Enter transaction: You have been logged out
Enter transaction: 