02 user01          FS                                    0 000000 00
00 AdminUser       AA                                    0 000000 00
