00 username05      RS                                    0 000000 00
