Enter transaction: Enter username: You have been logged in
Enter transaction: Enter username: You cannot delete your own account
Enter username: Deleted user username05
Enter transaction: You have been logged out
Enter transaction: 