Enter transaction: Enter username: You have been logged in
Enter transaction: Enter username: Enter username: Deleted user username05
Enter transaction: You have been logged out
Enter transaction: 