04 user01          FS          Oshawa                    5 025.00 00
00 user01          FS                                    0 000000 00
