Enter transaction: Enter username: You have been logged in
Enter transaction: Enter city: Enter rental price (0-999.99): Enter number of rooms (0-9): 
Search Results:

Rental ID: a0b0c0d0
City: Oshawa
Number of bedrooms: 5
Rental price per night: 110.0

Rental ID: a0b0c0d2
City: Oshawa
Number of bedrooms: 5
Rental price per night: 110.0

Rental ID: a0b1c3d4
City: Oshawa
Number of bedrooms: 5
Rental price per night: 110.0

Rental ID: a0a0a0a0
City: Oshawa
Number of bedrooms: 5
Rental price per night: 110.0

Rental ID: aaaabbb2
City: Oshawa
Number of bedrooms: 5
Rental price per night: 20.0

End of search results

Enter transaction: You have been logged out
Enter transaction: 