04 user01          FS          Oshawa                    5 00000* 00
00 user01          FS                                    0 000000 00
