04 user01          FS          Oshawa                    5 020.00 00
00 user01          FS                                    0 000000 00
