Enter transaction: Enter username: User not found
Enter username: You have been logged in
Enter transaction: You have been logged out
Enter transaction: 